Salida del comando 'ps':

    PID TTY          TIME CMD
  33043 pts/1    00:00:00 bash
  33056 pts/1    00:00:00 java
  33076 pts/1    00:00:00 ps



Salida del comando 'df':

Filesystem                    1K-blocks    Used Available Use% Mounted on
udev                            4032596       0   4032596   0% /dev
tmpfs                            813184     696    812488   1% /run
/dev/mapper/debian12--vg-root  23852880 5096412  17519476  23% /
tmpfs                           4065912   72420   3993492   2% /dev/shm
tmpfs                              5120       0      5120   0% /run/lock
/dev/mapper/debian12--vg-home 219851752 3415916 205195184   2% /home
/dev/mapper/debian12--vg-tmp    1880592    4132   1762592   1% /tmp
/dev/mapper/debian12--vg-var    9509056 2553344   6451088  29% /var
/dev/sda1                        465124  211976    228214  49% /boot
tmpfs                            813180      32    813148   1% /run/user/1000



Salida del comando 'free':

               total        used        free      shared  buff/cache   available
Mem:         8131828     3978236     2176820      108536     2352364     4153592
Swap:         999420           0      999420



